Product: ARM Compiler 5.04
Component: ARM Compiler 5.04
Tool: armlink [5040027]

==============================================================================

Memory Map of the image

  Image Entry point : 0x00000101

  Load Region LOAD_REGION (Base: 0x00000000, Size: 0x00003db8, Max: 0x00030000, ABSOLUTE)

    Execution Region CODE (Base: 0x00000000, Size: 0x00003d70, Max: 0x00030000, ABSOLUTE)

    Base Addr    Size         Type   Attr      Idx    E Section Name        Object

    0x00000000   0x00000100   Data   RO          379    vectors             SDK_Exception.o
    0x00000100   0x00000008   Code   RO          454  * !!!main             c_w.l(__main.o)
    0x00000108   0x00000034   Code   RO          774    !!!scatter          c_w.l(__scatter.o)
    0x0000013c   0x0000001a   Code   RO          776    !!handler_copy      c_w.l(__scatter_copy.o)
    0x00000156   0x00000002   PAD
    0x00000158   0x0000001c   Code   RO          778    !!handler_zi        c_w.l(__scatter_zi.o)
    0x00000174   0x00000000   Code   RO          538    .ARM.Collect$$_printf_percent$$00000000  c_w.l(_printf_percent.o)
    0x00000174   0x00000006   Code   RO          527    .ARM.Collect$$_printf_percent$$00000001  c_w.l(_printf_n.o)
    0x0000017a   0x00000006   Code   RO          529    .ARM.Collect$$_printf_percent$$00000002  c_w.l(_printf_p.o)
    0x00000180   0x00000006   Code   RO          534    .ARM.Collect$$_printf_percent$$00000003  c_w.l(_printf_f.o)
    0x00000186   0x00000006   Code   RO          535    .ARM.Collect$$_printf_percent$$00000004  c_w.l(_printf_e.o)
    0x0000018c   0x00000006   Code   RO          536    .ARM.Collect$$_printf_percent$$00000005  c_w.l(_printf_g.o)
    0x00000192   0x00000006   Code   RO          537    .ARM.Collect$$_printf_percent$$00000006  c_w.l(_printf_a.o)
    0x00000198   0x0000000a   Code   RO          542    .ARM.Collect$$_printf_percent$$00000007  c_w.l(_printf_ll.o)
    0x000001a2   0x00000006   Code   RO          531    .ARM.Collect$$_printf_percent$$00000008  c_w.l(_printf_i.o)
    0x000001a8   0x00000006   Code   RO          532    .ARM.Collect$$_printf_percent$$00000009  c_w.l(_printf_d.o)
    0x000001ae   0x00000006   Code   RO          533    .ARM.Collect$$_printf_percent$$0000000A  c_w.l(_printf_u.o)
    0x000001b4   0x00000006   Code   RO          530    .ARM.Collect$$_printf_percent$$0000000B  c_w.l(_printf_o.o)
    0x000001ba   0x00000006   Code   RO          528    .ARM.Collect$$_printf_percent$$0000000C  c_w.l(_printf_x.o)
    0x000001c0   0x00000006   Code   RO          539    .ARM.Collect$$_printf_percent$$0000000D  c_w.l(_printf_lli.o)
    0x000001c6   0x00000006   Code   RO          540    .ARM.Collect$$_printf_percent$$0000000E  c_w.l(_printf_lld.o)
    0x000001cc   0x00000006   Code   RO          541    .ARM.Collect$$_printf_percent$$0000000F  c_w.l(_printf_llu.o)
    0x000001d2   0x00000006   Code   RO          546    .ARM.Collect$$_printf_percent$$00000010  c_w.l(_printf_llo.o)
    0x000001d8   0x00000006   Code   RO          547    .ARM.Collect$$_printf_percent$$00000011  c_w.l(_printf_llx.o)
    0x000001de   0x0000000a   Code   RO          543    .ARM.Collect$$_printf_percent$$00000012  c_w.l(_printf_l.o)
    0x000001e8   0x00000006   Code   RO          525    .ARM.Collect$$_printf_percent$$00000013  c_w.l(_printf_c.o)
    0x000001ee   0x00000006   Code   RO          526    .ARM.Collect$$_printf_percent$$00000014  c_w.l(_printf_s.o)
    0x000001f4   0x00000006   Code   RO          544    .ARM.Collect$$_printf_percent$$00000015  c_w.l(_printf_lc.o)
    0x000001fa   0x00000006   Code   RO          545    .ARM.Collect$$_printf_percent$$00000016  c_w.l(_printf_ls.o)
    0x00000200   0x00000004   Code   RO          582    .ARM.Collect$$_printf_percent$$00000017  c_w.l(_printf_percent_end.o)
    0x00000204   0x00000002   Code   RO          631    .ARM.Collect$$libinit$$00000000  c_w.l(libinit.o)
    0x00000206   0x00000000   Code   RO          650    .ARM.Collect$$libinit$$00000002  c_w.l(libinit2.o)
    0x00000206   0x00000000   Code   RO          653    .ARM.Collect$$libinit$$00000008  c_w.l(libinit2.o)
    0x00000206   0x00000000   Code   RO          655    .ARM.Collect$$libinit$$0000000A  c_w.l(libinit2.o)
    0x00000206   0x00000000   Code   RO          657    .ARM.Collect$$libinit$$0000000C  c_w.l(libinit2.o)
    0x00000206   0x00000006   Code   RO          658    .ARM.Collect$$libinit$$0000000D  c_w.l(libinit2.o)
    0x0000020c   0x00000000   Code   RO          660    .ARM.Collect$$libinit$$0000000F  c_w.l(libinit2.o)
    0x0000020c   0x0000000c   Code   RO          661    .ARM.Collect$$libinit$$00000010  c_w.l(libinit2.o)
    0x00000218   0x00000000   Code   RO          662    .ARM.Collect$$libinit$$00000011  c_w.l(libinit2.o)
    0x00000218   0x00000000   Code   RO          664    .ARM.Collect$$libinit$$00000013  c_w.l(libinit2.o)
    0x00000218   0x0000000a   Code   RO          665    .ARM.Collect$$libinit$$00000014  c_w.l(libinit2.o)
    0x00000222   0x00000000   Code   RO          666    .ARM.Collect$$libinit$$00000015  c_w.l(libinit2.o)
    0x00000222   0x00000000   Code   RO          668    .ARM.Collect$$libinit$$00000017  c_w.l(libinit2.o)
    0x00000222   0x00000000   Code   RO          670    .ARM.Collect$$libinit$$00000019  c_w.l(libinit2.o)
    0x00000222   0x00000000   Code   RO          672    .ARM.Collect$$libinit$$0000001B  c_w.l(libinit2.o)
    0x00000222   0x00000000   Code   RO          674    .ARM.Collect$$libinit$$0000001D  c_w.l(libinit2.o)
    0x00000222   0x00000000   Code   RO          676    .ARM.Collect$$libinit$$0000001F  c_w.l(libinit2.o)
    0x00000222   0x00000000   Code   RO          678    .ARM.Collect$$libinit$$00000021  c_w.l(libinit2.o)
    0x00000222   0x00000000   Code   RO          680    .ARM.Collect$$libinit$$00000023  c_w.l(libinit2.o)
    0x00000222   0x00000000   Code   RO          684    .ARM.Collect$$libinit$$0000002A  c_w.l(libinit2.o)
    0x00000222   0x00000000   Code   RO          686    .ARM.Collect$$libinit$$0000002C  c_w.l(libinit2.o)
    0x00000222   0x00000000   Code   RO          688    .ARM.Collect$$libinit$$0000002E  c_w.l(libinit2.o)
    0x00000222   0x00000000   Code   RO          690    .ARM.Collect$$libinit$$00000030  c_w.l(libinit2.o)
    0x00000222   0x00000002   Code   RO          691    .ARM.Collect$$libinit$$00000031  c_w.l(libinit2.o)
    0x00000224   0x00000002   Code   RO          718    .ARM.Collect$$libshutdown$$00000000  c_w.l(libshutdown.o)
    0x00000226   0x00000000   Code   RO          729    .ARM.Collect$$libshutdown$$00000003  c_w.l(libshutdown2.o)
    0x00000226   0x00000000   Code   RO          732    .ARM.Collect$$libshutdown$$00000006  c_w.l(libshutdown2.o)
    0x00000226   0x00000000   Code   RO          735    .ARM.Collect$$libshutdown$$00000009  c_w.l(libshutdown2.o)
    0x00000226   0x00000000   Code   RO          737    .ARM.Collect$$libshutdown$$0000000B  c_w.l(libshutdown2.o)
    0x00000226   0x00000000   Code   RO          740    .ARM.Collect$$libshutdown$$0000000E  c_w.l(libshutdown2.o)
    0x00000226   0x00000002   Code   RO          741    .ARM.Collect$$libshutdown$$0000000F  c_w.l(libshutdown2.o)
    0x00000228   0x00000000   Code   RO          456    .ARM.Collect$$rtentry$$00000000  c_w.l(rtentry.o)
    0x00000228   0x00000000   Code   RO          551    .ARM.Collect$$rtentry$$00000002  c_w.l(rtentry2.o)
    0x00000228   0x00000004   Code   RO          565    .ARM.Collect$$rtentry$$00000006  c_w.l(rtentry6.o)
    0x0000022c   0x00000000   Code   RO          553    .ARM.Collect$$rtentry$$00000009  c_w.l(rtentry2.o)
    0x0000022c   0x00000004   Code   RO          554    .ARM.Collect$$rtentry$$0000000A  c_w.l(rtentry2.o)
    0x00000230   0x00000000   Code   RO          556    .ARM.Collect$$rtentry$$0000000C  c_w.l(rtentry2.o)
    0x00000230   0x00000008   Code   RO          557    .ARM.Collect$$rtentry$$0000000D  c_w.l(rtentry2.o)
    0x00000238   0x00000004   Code   RO          566    .ARM.Collect$$rtentry$$00002717  c_w.l(rtentry6.o)
    0x0000023c   0x00000002   Code   RO          642    .ARM.Collect$$rtexit$$00000000  c_w.l(rtexit.o)
    0x0000023e   0x00000000   Code   RO          700    .ARM.Collect$$rtexit$$00000002  c_w.l(rtexit2.o)
    0x0000023e   0x00000004   Code   RO          701    .ARM.Collect$$rtexit$$00000003  c_w.l(rtexit2.o)
    0x00000242   0x00000006   Code   RO          702    .ARM.Collect$$rtexit$$00000004  c_w.l(rtexit2.o)
    0x00000248   0x000000c4   Code   RO            3    .text               APP_Callback.o
    0x0000030c   0x00000214   Code   RO          123    .text               main.o
    0x00000520   0x00000210   Code   RO          159    .text               GPIO.o
    0x00000730   0x00000990   Code   RO          205    .text               RTC.o
    0x000010c0   0x00000110   Code   RO          223    .text               SysTick.o
    0x000011d0   0x000003f4   Code   RO          241    .text               UART.o
    0x000015c4   0x000001fc   Code   RO          257    .text               WDT.o
    0x000017c0   0x00000214   Code   RO          275    .text               HAL_GPIO.o
    0x000019d4   0x00000054   Code   RO          291    .text               HAL_IRQ.o
    0x00001a28   0x000000c0   Code   RO          323    .text               HAL_SysTick.o
    0x00001ae8   0x00000190   Code   RO          339    .text               HAL_UART.o
    0x00001c78   0x000000a2   Code   RO          378    .text               SDK_Exception.o
    0x00001d1a   0x00000002   PAD
    0x00001d1c   0x0000008c   Code   RO          397    .text               SDK_Misc.o
    0x00001da8   0x000002ac   Code   RO          413    .text               LED.o
    0x00002054   0x00000528   Code   RO          431    .text               Key.o
    0x0000257c   0x00000024   Code   RO          450    .text               c_w.l(c89vsprintf.o)
    0x000025a0   0x0000004e   Code   RO          452    .text               c_w.l(rt_memclr_w.o)
    0x000025ee   0x0000004e   Code   RO          459    .text               c_w.l(_printf_pad.o)
    0x0000263c   0x00000024   Code   RO          461    .text               c_w.l(_printf_truncate.o)
    0x00002660   0x00000052   Code   RO          463    .text               c_w.l(_printf_str.o)
    0x000026b2   0x00000002   PAD
    0x000026b4   0x00000074   Code   RO          465    .text               c_w.l(_printf_dec.o)
    0x00002728   0x00000028   Code   RO          467    .text               c_w.l(_printf_charcount.o)
    0x00002750   0x00000030   Code   RO          469    .text               c_w.l(_printf_char_common.o)
    0x00002780   0x0000000a   Code   RO          471    .text               c_w.l(_sputc.o)
    0x0000278a   0x00000002   PAD
    0x0000278c   0x000000bc   Code   RO          473    .text               c_w.l(_printf_wctomb.o)
    0x00002848   0x00000078   Code   RO          476    .text               c_w.l(_printf_longlong_dec.o)
    0x000028c0   0x00000070   Code   RO          482    .text               c_w.l(_printf_oct_int_ll.o)
    0x00002930   0x00000094   Code   RO          502    .text               c_w.l(_printf_hex_int_ll_ptr.o)
    0x000029c4   0x00000188   Code   RO          522    .text               c_w.l(__printf_flags_ss_wp.o)
    0x00002b4c   0x0000008a   Code   RO          570    .text               c_w.l(lludiv10.o)
    0x00002bd6   0x000000b2   Code   RO          572    .text               c_w.l(_printf_intcommon.o)
    0x00002c88   0x00000416   Code   RO          574    .text               c_w.l(_printf_fp_dec.o)
    0x0000309e   0x0000002c   Code   RO          578    .text               c_w.l(_printf_char.o)
    0x000030ca   0x0000002c   Code   RO          580    .text               c_w.l(_printf_wchar.o)
    0x000030f6   0x00000040   Code   RO          583    .text               c_w.l(_wcrtomb.o)
    0x00003136   0x00000002   PAD
    0x00003138   0x00000010   Code   RO          587    .text               c_w.l(rt_ctype_table.o)
    0x00003148   0x00000008   Code   RO          592    .text               c_w.l(rt_locale_intlibspace.o)
    0x00003150   0x00000080   Code   RO          594    .text               c_w.l(_printf_fp_infnan.o)
    0x000031d0   0x000000d8   Code   RO          596    .text               c_w.l(bigflt0.o)
    0x000032a8   0x0000000c   Code   RO          624    .text               c_w.l(exit.o)
    0x000032b4   0x00000080   Code   RO          647    .text               c_w.l(strcmpv7m.o)
    0x00003334   0x00000002   Code   RO          696    .text               c_w.l(use_no_semi.o)
    0x00003336   0x00000000   Code   RO          698    .text               c_w.l(indicate_semi.o)
    0x00003336   0x00000002   PAD
    0x00003338   0x0000000c   Code   RO          710    .text               c_w.l(sys_exit.o)
    0x00003344   0x0000003e   Code   RO          599    CL$$btod_d2e        c_w.l(btod.o)
    0x00003382   0x00000046   Code   RO          601    CL$$btod_d2e_denorm_low  c_w.l(btod.o)
    0x000033c8   0x00000060   Code   RO          600    CL$$btod_d2e_norm_op1  c_w.l(btod.o)
    0x00003428   0x00000338   Code   RO          609    CL$$btod_div_common  c_w.l(btod.o)
    0x00003760   0x000000c6   Code   RO          606    CL$$btod_e2e        c_w.l(btod.o)
    0x00003826   0x00000028   Code   RO          603    CL$$btod_ediv       c_w.l(btod.o)
    0x0000384e   0x00000028   Code   RO          602    CL$$btod_emul       c_w.l(btod.o)
    0x00003876   0x00000244   Code   RO          608    CL$$btod_mult_common  c_w.l(btod.o)
    0x00003aba   0x00000028   Code   RO          635    i.__ARM_fpclassify  m_ws.l(fpclassify.o)
    0x00003ae2   0x0000000e   Code   RO          515    i._is_digit         c_w.l(__printf_wp.o)
    0x00003af0   0x0000002c   Code   RO          622    locale$$code        c_w.l(lc_numeric_c.o)
    0x00003b1c   0x0000002c   Code   RO          645    locale$$code        c_w.l(lc_ctype_c.o)
    0x00003b48   0x00000004   Code   RO          548    x$fpl$printf1       fz_ws.l(printf1.o)
    0x00003b4c   0x00000000   Code   RO          634    x$fpl$usenofp       fz_ws.l(usenofp.o)
    0x00003b4c   0x00000008   Data   RO          474    .constdata          c_w.l(_printf_wctomb.o)
    0x00003b54   0x00000028   Data   RO          503    .constdata          c_w.l(_printf_hex_int_ll_ptr.o)
    0x00003b7c   0x00000011   Data   RO          523    .constdata          c_w.l(__printf_flags_ss_wp.o)
    0x00003b8d   0x00000003   PAD
    0x00003b90   0x00000094   Data   RO          597    .constdata          c_w.l(bigflt0.o)
    0x00003c24   0x00000020   Data   RO          772    Region$$Table       anon$$obj.o
    0x00003c44   0x0000001c   Data   RO          621    locale$$data        c_w.l(lc_numeric_c.o)
    0x00003c60   0x00000110   Data   RO          644    locale$$data        c_w.l(lc_ctype_c.o)


    Execution Region DATA (Base: 0x10030000, Size: 0x000000a8, Max: 0x0000b000, ABSOLUTE)

    Base Addr    Size         Type   Attr      Idx    E Section Name        Object

    0x10030000   0x00000004   Data   RW            4    .data               APP_Callback.o
    0x10030004   0x00000008   Data   RW          124    .data               main.o
    0x1003000c   0x00000004   Data   RW          206    .data               RTC.o
    0x10030010   0x00000004   Data   RW          224    .data               SysTick.o
    0x10030014   0x00000004   Data   RW          258    .data               WDT.o
    0x10030018   0x0000000c   Data   RW          414    .data               LED.o
    0x10030024   0x00000024   Data   RW          432    .data               Key.o
    0x10030048   0x00000060   Zero   RW          638    .bss                c_w.l(libspace.o)


    Execution Region ARM_LIB_STACKHEAP (Base: 0x1003b000, Size: 0x00001000, Max: 0x00001000, ABSOLUTE)

    Base Addr    Size         Type   Attr      Idx    E Section Name        Object

    0x1003b000   0x00001000   Zero   RW            1    ARM_LIB_STACKHEAP.bss  anon$$obj.o


==============================================================================

Image component sizes


      Code (inc. data)   RO Data    RW Data    ZI Data      Debug   Object Name

       196         28          0          4          0      23025   APP_Callback.o
       528         84          0          0          0       4633   GPIO.o
       532         70          0          0          0       3703   HAL_GPIO.o
        84          8          0          0          0        901   HAL_IRQ.o
       192         72          0          0          0       1634   HAL_SysTick.o
       400          4          0          0          0       3847   HAL_UART.o
         0          0          0          0          0      14027   IRQ.o
      1320        118          0         36          0       3987   Key.o
       684         54          0         12          0       2780   LED.o
      2448         90          0          4          0      14832   RTC.o
       162          0        256          0          0       4334   SDK_Exception.o
       140         68          0          0          0       1223   SDK_Misc.o
       272         74          0          4          0       2051   SysTick.o
      1012         84          0          0          0       8170   UART.o
       508         72          0          4          0       4358   WDT.o
       532         48          0          8          0       2143   main.o

    ----------------------------------------------------------------------
      9012        874        288         72       4096      95648   Object Totals
         0          0         32          0       4096          0   (incl. Generated)
         2          0          0          0          0          0   (incl. Padding)

    ----------------------------------------------------------------------

      Code (inc. data)   RO Data    RW Data    ZI Data      Debug   Library Member Name

         8          0          0          0          0         68   __main.o
       392          4         17          0          0         92   __printf_flags_ss_wp.o
        14          0          0          0          0         68   __printf_wp.o
        52          8          0          0          0          0   __scatter.o
        26          0          0          0          0          0   __scatter_copy.o
        28          0          0          0          0          0   __scatter_zi.o
         6          0          0          0          0          0   _printf_a.o
         6          0          0          0          0          0   _printf_c.o
        44          0          0          0          0        108   _printf_char.o
        48          6          0          0          0         96   _printf_char_common.o
        40          0          0          0          0         68   _printf_charcount.o
         6          0          0          0          0          0   _printf_d.o
       116         16          0          0          0         92   _printf_dec.o
         6          0          0          0          0          0   _printf_e.o
         6          0          0          0          0          0   _printf_f.o
      1046          0          0          0          0        216   _printf_fp_dec.o
       128         16          0          0          0         84   _printf_fp_infnan.o
         6          0          0          0          0          0   _printf_g.o
       148          4         40          0          0        160   _printf_hex_int_ll_ptr.o
         6          0          0          0          0          0   _printf_i.o
       178          0          0          0          0         88   _printf_intcommon.o
        10          0          0          0          0          0   _printf_l.o
         6          0          0          0          0          0   _printf_lc.o
        10          0          0          0          0          0   _printf_ll.o
         6          0          0          0          0          0   _printf_lld.o
         6          0          0          0          0          0   _printf_lli.o
         6          0          0          0          0          0   _printf_llo.o
         6          0          0          0          0          0   _printf_llu.o
         6          0          0          0          0          0   _printf_llx.o
       120         16          0          0          0         92   _printf_longlong_dec.o
         6          0          0          0          0          0   _printf_ls.o
         6          0          0          0          0          0   _printf_n.o
         6          0          0          0          0          0   _printf_o.o
       112          8          0          0          0        124   _printf_oct_int_ll.o
         6          0          0          0          0          0   _printf_p.o
        78          0          0          0          0        108   _printf_pad.o
         0          0          0          0          0          0   _printf_percent.o
         4          0          0          0          0          0   _printf_percent_end.o
         6          0          0          0          0          0   _printf_s.o
        82          0          0          0          0         80   _printf_str.o
        36          0          0          0          0         84   _printf_truncate.o
         6          0          0          0          0          0   _printf_u.o
        44          0          0          0          0        108   _printf_wchar.o
       188          6          8          0          0         92   _printf_wctomb.o
         6          0          0          0          0          0   _printf_x.o
        10          0          0          0          0         68   _sputc.o
        64          0          0          0          0         92   _wcrtomb.o
       216          4        148          0          0         96   bigflt0.o
      1910        128          0          0          0        672   btod.o
        36          4          0          0          0         76   c89vsprintf.o
        12          0          0          0          0         72   exit.o
         0          0          0          0          0          0   indicate_semi.o
        44         10        272          0          0         76   lc_ctype_c.o
        44         10         28          0          0         76   lc_numeric_c.o
         2          0          0          0          0          0   libinit.o
        30          0          0          0          0          0   libinit2.o
         2          0          0          0          0          0   libshutdown.o
         2          0          0          0          0          0   libshutdown2.o
         0          0          0          0         96          0   libspace.o
       138          0          0          0          0         80   lludiv10.o
        16          4          0          0          0         76   rt_ctype_table.o
         8          4          0          0          0         68   rt_locale_intlibspace.o
        78          0          0          0          0         80   rt_memclr_w.o
         0          0          0          0          0          0   rtentry.o
        12          0          0          0          0          0   rtentry2.o
         8          4          0          0          0          0   rtentry6.o
         2          0          0          0          0          0   rtexit.o
        10          0          0          0          0          0   rtexit2.o
       128          0          0          0          0         68   strcmpv7m.o
        12          4          0          0          0         68   sys_exit.o
         2          0          0          0          0         68   use_no_semi.o
         4          0          0          0          0         68   printf1.o
         0          0          0          0          0          0   usenofp.o
        40          0          0          0          0         68   fpclassify.o

    ----------------------------------------------------------------------
      5912        256        516          0         96       3700   Library Totals
        10          0          3          0          0          0   (incl. Padding)

    ----------------------------------------------------------------------

      Code (inc. data)   RO Data    RW Data    ZI Data      Debug   Library Name

      5858        256        513          0         96       3564   c_w.l
         4          0          0          0          0         68   fz_ws.l
        40          0          0          0          0         68   m_ws.l

    ----------------------------------------------------------------------
      5912        256        516          0         96       3700   Library Totals

    ----------------------------------------------------------------------

==============================================================================


      Code (inc. data)   RO Data    RW Data    ZI Data      Debug   

     14924       1130        804         72       4192      95808   Grand Totals
     14924       1130        804         72       4192      95808   ELF Image Totals
     14924       1130        804         72          0          0   ROM Totals

==============================================================================

    Total RO  Size (Code + RO Data)                15728 (  15.36kB)
    Total RW  Size (RW Data + ZI Data)              4264 (   4.16kB)
    Total ROM Size (Code + RO Data + RW Data)      15800 (  15.43kB)

==============================================================================

